// Jest Snapshot v1, https://goo.gl/fbAQLP

exports[`matches last snapshot 1`] = `
<div
  data-stylename="body smallMargin"
>
  <PostTitle
    className="classy"
    details="the details"
    expanded={true}
    fileAttachments={
      Array [
        Object {
          "id": 1,
          "url": "https://www.hylo.com/awitp.pdf",
        },
        Object {
          "id": 1,
          "url": "http://www.google.com/lalala.zip",
        },
      ]
    }
    highlightProps={
      Object {
        "term": "foo",
      }
    }
    id={1}
    linkPreview={
      Object {
        "imageUrl": "foo.png",
        "title": "a walk in the park",
        "url": "www.hylo.com/awitp",
      }
    }
    slug="foomunity"
    title="hello there"
    topics={
      Array [
        Object {
          "name": "topic",
        },
      ]
    }
  />
  <PostTopics
    topics={
      Array [
        Object {
          "name": "topic",
        },
      ]
    }
  />
  <PostDetails
    className="classy"
    details="the details"
    fileAttachments={
      Array [
        Object {
          "id": 1,
          "url": "https://www.hylo.com/awitp.pdf",
        },
        Object {
          "id": 1,
          "url": "http://www.google.com/lalala.zip",
        },
      ]
    }
    highlightProps={
      Object {
        "term": "foo",
      }
    }
    id={1}
    linkPreview={
      Object {
        "imageUrl": "foo.png",
        "title": "a walk in the park",
        "url": "www.hylo.com/awitp",
      }
    }
    title="hello there"
    topics={
      Array [
        Object {
          "name": "topic",
        },
      ]
    }
  />
</div>
`;
