// Jest Snapshot v1, https://goo.gl/fbAQLP

exports[`renders entire component when not loading 1`] = `
<div
  data-stylename="modal"
>
  <Header />
  <div
    data-stylename="content"
  >
    <withRouter(ThreadList)
      data-stylename="left-column"
      threads={Array []}
    />
    <div
      data-stylename="right-column"
    >
      <div
        data-stylename="thread"
      >
        <ThreadHeader />
        <MessageSection
          fetchMessages={[Function]}
          messages={Array []}
          socket={null}
        />
        <div
          data-stylename="message-form"
        >
          <MessageForm
            formRef={
              Object {
                "current": null,
              }
            }
            onSubmit={[Function]}
            placeholder="Write something..."
            updateMessageText={[Function]}
          />
        </div>
        <Connect(PeopleTyping)
          data-stylename="people-typing"
        />
      </div>
    </div>
  </div>
</div>
`;

exports[`renders loading when in loading state 1`] = `
<div
  data-stylename="modal"
>
  <Loading />
</div>
`;
