// Jest Snapshot v1, https://goo.gl/fbAQLP

exports[`findOrCreateMessageThread matches the last snapshot 1`] = `
Object {
  "graphql": Object {
    "query": Object {
      "definitions": Array [
        Object {
          "directives": Array [],
          "kind": "OperationDefinition",
          "name": Object {
            "kind": "Name",
            "value": "FindOrCreateMessageThreadMutation",
          },
          "operation": "mutation",
          "selectionSet": Object {
            "kind": "SelectionSet",
            "selections": Array [
              Object {
                "arguments": Array [
                  Object {
                    "kind": "Argument",
                    "name": Object {
                      "kind": "Name",
                      "value": "data",
                    },
                    "value": Object {
                      "fields": Array [
                        Object {
                          "kind": "ObjectField",
                          "name": Object {
                            "kind": "Name",
                            "value": "participantIds",
                          },
                          "value": Object {
                            "kind": "Variable",
                            "name": Object {
                              "kind": "Name",
                              "value": "participantIds",
                            },
                          },
                        },
                      ],
                      "kind": "ObjectValue",
                    },
                  },
                ],
                "directives": Array [],
                "kind": "Field",
                "name": Object {
                  "kind": "Name",
                  "value": "findOrCreateMessageThread",
                },
                "selectionSet": Object {
                  "kind": "SelectionSet",
                  "selections": Array [
                    Object {
                      "arguments": Array [],
                      "directives": Array [],
                      "kind": "Field",
                      "name": Object {
                        "kind": "Name",
                        "value": "id",
                      },
                    },
                    Object {
                      "arguments": Array [],
                      "directives": Array [],
                      "kind": "Field",
                      "name": Object {
                        "kind": "Name",
                        "value": "createdAt",
                      },
                    },
                    Object {
                      "arguments": Array [],
                      "directives": Array [],
                      "kind": "Field",
                      "name": Object {
                        "kind": "Name",
                        "value": "updatedAt",
                      },
                    },
                    Object {
                      "arguments": Array [],
                      "directives": Array [],
                      "kind": "Field",
                      "name": Object {
                        "kind": "Name",
                        "value": "participants",
                      },
                      "selectionSet": Object {
                        "kind": "SelectionSet",
                        "selections": Array [
                          Object {
                            "arguments": Array [],
                            "directives": Array [],
                            "kind": "Field",
                            "name": Object {
                              "kind": "Name",
                              "value": "id",
                            },
                          },
                          Object {
                            "arguments": Array [],
                            "directives": Array [],
                            "kind": "Field",
                            "name": Object {
                              "kind": "Name",
                              "value": "name",
                            },
                          },
                          Object {
                            "arguments": Array [],
                            "directives": Array [],
                            "kind": "Field",
                            "name": Object {
                              "kind": "Name",
                              "value": "avatarUrl",
                            },
                          },
                        ],
                      },
                    },
                    Object {
                      "arguments": Array [],
                      "directives": Array [],
                      "kind": "Field",
                      "name": Object {
                        "kind": "Name",
                        "value": "messages",
                      },
                      "selectionSet": Object {
                        "kind": "SelectionSet",
                        "selections": Array [
                          Object {
                            "arguments": Array [],
                            "directives": Array [],
                            "kind": "Field",
                            "name": Object {
                              "kind": "Name",
                              "value": "items",
                            },
                            "selectionSet": Object {
                              "kind": "SelectionSet",
                              "selections": Array [
                                Object {
                                  "arguments": Array [],
                                  "directives": Array [],
                                  "kind": "Field",
                                  "name": Object {
                                    "kind": "Name",
                                    "value": "id",
                                  },
                                },
                                Object {
                                  "arguments": Array [],
                                  "directives": Array [],
                                  "kind": "Field",
                                  "name": Object {
                                    "kind": "Name",
                                    "value": "text",
                                  },
                                },
                                Object {
                                  "arguments": Array [],
                                  "directives": Array [],
                                  "kind": "Field",
                                  "name": Object {
                                    "kind": "Name",
                                    "value": "creator",
                                  },
                                  "selectionSet": Object {
                                    "kind": "SelectionSet",
                                    "selections": Array [
                                      Object {
                                        "arguments": Array [],
                                        "directives": Array [],
                                        "kind": "Field",
                                        "name": Object {
                                          "kind": "Name",
                                          "value": "id",
                                        },
                                      },
                                      Object {
                                        "arguments": Array [],
                                        "directives": Array [],
                                        "kind": "Field",
                                        "name": Object {
                                          "kind": "Name",
                                          "value": "name",
                                        },
                                      },
                                      Object {
                                        "arguments": Array [],
                                        "directives": Array [],
                                        "kind": "Field",
                                        "name": Object {
                                          "kind": "Name",
                                          "value": "avatarUrl",
                                        },
                                      },
                                    ],
                                  },
                                },
                                Object {
                                  "arguments": Array [],
                                  "directives": Array [],
                                  "kind": "Field",
                                  "name": Object {
                                    "kind": "Name",
                                    "value": "createdAt",
                                  },
                                },
                              ],
                            },
                          },
                          Object {
                            "arguments": Array [],
                            "directives": Array [],
                            "kind": "Field",
                            "name": Object {
                              "kind": "Name",
                              "value": "total",
                            },
                          },
                          Object {
                            "arguments": Array [],
                            "directives": Array [],
                            "kind": "Field",
                            "name": Object {
                              "kind": "Name",
                              "value": "hasMore",
                            },
                          },
                        ],
                      },
                    },
                  ],
                },
              },
            ],
          },
          "variableDefinitions": Array [
            Object {
              "directives": Array [],
              "kind": "VariableDefinition",
              "type": Object {
                "kind": "ListType",
                "type": Object {
                  "kind": "NamedType",
                  "name": Object {
                    "kind": "Name",
                    "value": "String",
                  },
                },
              },
              "variable": Object {
                "kind": "Variable",
                "name": Object {
                  "kind": "Name",
                  "value": "participantIds",
                },
              },
            },
          ],
        },
      ],
      "kind": "Document",
      "loc": Object {
        "end": 427,
        "source": Object {
          "body": "mutation FindOrCreateMessageThreadMutation ($participantIds: [String]) {
  findOrCreateMessageThread(data: {
    participantIds: $participantIds
  }) {
    id
    createdAt
    updatedAt
    participants {
      id
      name
      avatarUrl
    }
    messages {
      items {
        id
        text
        creator {
          id
          name
          avatarUrl
        }
        createdAt
      }
      total
      hasMore
    }
  }
}
",
          "locationOffset": Object {
            "column": 1,
            "line": 1,
          },
          "name": "GraphQL request",
        },
        "start": 0,
      },
    },
    "variables": Object {
      "participantIds": Array [
        "1",
        "2",
        "3",
      ],
    },
  },
  "meta": Object {
    "extractModel": "MessageThread",
  },
  "type": "FIND_OR_CREATE_THREAD",
}
`;
